// Jest Snapshot v1, https://goo.gl/fbAQLP

exports[`Layout should match snapshot 1`] = `
<div>
  <div>
    <div
      class="loading-icon"
    />
    <div
      class="wrapper"
    >
      <section
        class="topbar fixed-top"
      >
        <div
          class="container"
        >
          <div
            class="row no-gutters"
          >
            <div
              class="col text-left"
            >
              <div
                class="icn-history float-left"
              >
                <a
                  data-placement="right"
                  data-toggle="tooltip"
                  href="order-history.html"
                  title="Order History"
                />
              </div>
            </div>
            <div
              class="col-6 text-center"
            >
              <a
                href="index.html"
              >
                <img
                  src="static/truecoffee-ordering/images/logo.svg"
                />
              </a>
            </div>
            <div
              class="col text-right"
            >
              <div
                class="icn-cart float-right"
              >
                <a
                  href="cart.html"
                >
                  <div
                    class="icn-noti"
                  >
                    1
                  </div>
                </a>
              </div>
            </div>
          </div>
        </div>
      </section>
      <section
        class="categories"
      >
        <div
          class="container"
        >
          <div
            class="categories-list row justify-content-center"
          >
            <div
              class="item capsule"
            >
              <a
                href="#"
              >
                Allsss
              </a>
            </div>
            <div
              class="item capsule active"
            >
              <a
                href="#"
              >
                Coffee
              </a>
            </div>
            <div
              class="item capsule"
            >
              <a
                href="#"
              >
                Tea
              </a>
            </div>
            <div
              class="item capsule"
            >
              <a
                href="#"
              >
                Non Coffee
              </a>
            </div>
            <div
              class="item capsule"
            >
              <a
                href="#"
              >
                Tea
              </a>
            </div>
            <div
              class="item capsule"
            >
              <a
                href="#"
              >
                Non Coffee
              </a>
            </div>
            <div
              class="item capsule"
            >
              <a
                href="#"
              >
                Tea
              </a>
            </div>
          </div>
          <div
            class="row"
          >
            <div
              class="col cat-found text-center"
            >
              <b
                class="text-red"
              >
                “Coffee”
              </b>
               Found 8 item
            </div>
          </div>
        </div>
      </section>
      Test
      <section
        class="cart-bar fixed-bottom"
      >
        <div
          class="container"
        >
          <a
            href="cart.html"
          >
            <div
              class="row no-gutters justify-content-between align-items-center"
            >
              <div
                class="col-4"
              >
                <div
                  class="item-in-cart badge"
                >
                  3
                </div>
              </div>
              <div
                class="col go-to-cart"
              >
                Go to Cart
              </div>
              <div
                class="col-4 total"
              >
                <div>
                  Total
                </div>
                <div>
                  ฿9,999.00
                </div>
              </div>
            </div>
          </a>
        </div>
      </section>
      <div
        aria-hidden="true"
        aria-labelledby="itemModal"
        class="modal fade"
        id="itemModal"
        role="dialog"
        tabindex="-1"
      >
        <div
          class="item-modal modal-dialog"
          role="document"
        >
          <div
            class="modal-content"
          >
            <div
              class="paper"
            >
              <div
                class="product-thumb-box"
              >
                <div
                  aria-label="Close"
                  class="icn-close"
                  data-dismiss="modal"
                />
                <img
                  class="product-thumb"
                  src="static/truecoffee-ordering/images/product-coffee1.png"
                  srcset="static/truecoffee-ordering/images/product-coffee1.png 2x, static/truecoffee-ordering/images/product-coffee1.png 3x"
                />
              </div>
              <div
                class="product-info"
              >
                <div
                  class="product-type"
                >
                  Coffee
                </div>
                <div
                  class="product-name"
                >
                  Iced Cappuccino - M
                </div>
                <div
                  class="product-desc"
                >
                  Our dark, rich espresso is combined with milk and served over ice. A perfect milk forward cool down.
                </div>
                <div
                  class="product-price"
                >
                  ฿85
                </div>
                <div
                  class="product-quantity d-flex justify-content-center"
                >
                  <a
                    class="icn-minus disable"
                  />
                  <input
                    class="form-control"
                    id="itemquantity"
                    max="99"
                    maxlength="2"
                    min="1"
                    type="tel"
                  />
                  <a
                    class="icn-plus"
                  />
                </div>
                <div
                  class="product-note d-flex justify-content-center"
                >
                  <div
                    class="form-group text-center"
                  >
                    <label
                      for="itemnote"
                    >
                      Additional Information
                    </label>
                    <input
                      class="form-control"
                      id="itemnote"
                      placeholder="เช่น ระดับความหวาน,น้ำแข็ง ฯลฯ"
                      type="text"
                    />
                  </div>
                </div>
              </div>
              <div
                class="btn-set"
              >
                <button
                  class="btn btn-red btn-block"
                >
                  Add item to Cart
                </button>
              </div>
            </div>
          </div>
        </div>
      </div>
    </div>
    <button
      id="fabbtt"
      title="Go to top"
    >
      Back to Top
    </button>
  </div>
</div>
`;
