// Jest Snapshot v1, https://goo.gl/fbAQLP

exports[`CartBar should match snapshot 1`] = `
<div>
  <section
    class="cart-bar fixed-bottom"
  >
    <div
      class="container"
    >
      <a
        href="cart.html"
      >
        <div
          class="row no-gutters justify-content-between align-items-center"
        >
          <div
            class="col-4"
          >
            <div
              class="item-in-cart badge"
            >
              3
            </div>
          </div>
          <div
            class="col go-to-cart"
          >
            Go to Cart
          </div>
          <div
            class="col-4 total"
          >
            <div>
              Total
            </div>
            <div>
              à¸¿9,999.00
            </div>
          </div>
        </div>
      </a>
    </div>
  </section>
</div>
`;
